On branch master
Your branch is up-to-date with 'origin/master'.
nothing to commit, working directory clean
Alexas-MBP:learn-git naveenede$ git log --oneline --decorate --graph --all
* 2007cac (HEAD, origin/master, origin/HEAD, master) C2
* 75c4d0a C1
* 78b0fba Initial commit
Alexas-MBP:learn-git naveenede$ git checkout -b b1-from-master
Switched to a new branch 'b1-from-master'
Alexas-MBP:learn-git naveenede$ git log --oneline --decorate --graph --all
* 2007cac (HEAD, origin/master, origin/HEAD, master, b1-from-master) C2
* 75c4d0a C1
* 78b0fba Initial commit
Alexas-MBP:learn-git naveenede$ git push
warning: push.default is unset; its implicit value has changed in
Git 2.0 from 'matching' to 'simple'. To squelch this message
and maintain the traditional behavior, use:

  git config --global push.default matching

To squelch this message and adopt the new behavior now, use:

  git config --global push.default simple

When push.default is set to 'matching', git will push local branches
to the remote branches that already exist with the same name.

Since Git 2.0, Git defaults to the more conservative 'simple'
behavior, which only pushes the current branch to the corresponding
remote branch that 'git pull' uses to update the current branch.

See 'git help config' and search for 'push.default' for further information.
(the 'simple' mode was introduced in Git 1.7.11. Use the similar mode
'current' instead of 'simple' if you sometimes use older versions of Git)

fatal: The current branch b1-from-master has no upstream branch.
To push the current branch and set the remote as upstream, use

    git push --set-upstream origin b1-from-master
Alexas-MBP:learn-git naveenede$ git push --set-upstream origin b1-from-master
Total 0 (delta 0), reused 0 (delta 0)
To git@github.com:ede-n/learn-git.git
 * [new branch]      b1-from-master -> b1-from-master
Branch b1-from-master set up to track remote branch b1-from-master from origin.

